// Jest Snapshot v1, https://goo.gl/fbAQLP

exports[`xstate-component-tree props should support static props 1`] = `
Array [
  Object {
    "children": Array [
      Object {
        "children": Array [],
        "component": "two",
        "path": "one.two",
        "props": Object {
          "tooga": 2,
          "wooga": 1,
        },
      },
    ],
    "component": "one",
    "path": "one",
    "props": Object {
      "booga": 2,
      "fooga": 1,
    },
  },
]
`;
